PERMUTATIONS == n = 11, 10000000 samples
EXACT ANSWER: 11! = 39916800
level 0, size 1
level 1, size 10
level 2, size 54
level 3, size 209
level 4, size 649
level 5, size 1717
level 6, size 4015
level 7, size 8504
level 8, size 16599
level 9, size 30239
level 10, size 51909
level 11, size 84591
level 12, size 131625
level 13, size 196470
level 14, size 282369
level 15, size 391939
level 16, size 526724
level 17, size 686763
level 18, size 870233
level 19, size 1073227
level 20, size 1289718
level 21, size 1511742
level 22, size 1729808
level 23, size 1933514
level 24, size 2112319
level 25, size 2256396
level 26, size 2357475
level 27, size 2409581
level 28, size 2409581
level 29, size 2357475
level 30, size 2256396
level 31, size 2112319
level 32, size 1933514
level 33, size 1729808
level 34, size 1511742
level 35, size 1289718
level 36, size 1073227
level 37, size 870233
level 38, size 686763
level 39, size 526724
level 40, size 391939
level 41, size 282369
level 42, size 196470
level 43, size 131625
level 44, size 84591
level 45, size 51909
level 46, size 30239
level 47, size 16599
level 48, size 8504
level 49, size 4015
level 50, size 1717
level 51, size 649
level 52, size 209
level 53, size 54
level 54, size 10
level 55, size 1
P mean=39916800.0, variance=4.039676896940722e+26=4.03968e+26, S.D.=20098947477270.35=2.00989e+13
IS mean=39916800.0, variance=1.1562446917039737e+25=1.15624e+25, S.D.=3400359821701.1885=3.40036e+12
first run P:  (63091.7683286971, 56, 0)
first run HS: (555980.7699589137, 215, 1021)
first run IS: (150390.3776497906, 56, 0)
Algorithm P: random seed = 327069990
    10 samples, avg.#visited=56.00, max.#vis=56, mean=125617.41±136739.7, max=378358.83, CD=0.30120
   100 samples, avg.#visited=56.00, max.#vis=56, mean=11415775.64±5.67766e+07, max=509700046.66, CD=0.44649
  1000 samples, avg.#visited=56.00, max.#vis=56, mean=4892118.20±2.662536e+07, max=509700046.66, CD=0.10419
 10000 samples, avg.#visited=56.00, max.#vis=56, mean=19442895.49±7.825868e+08, max=61381971112.46, CD=0.31570
100000 samples, avg.#visited=56.00, max.#vis=56, mean=24935704.51±2.289427e+09, max=680398995264.37, CD=0.27286
1000000 samples, avg.#visited=56.00, max.#vis=56, mean=22721429.06±2.331322e+09, max=1860036163995.76, CD=0.08186
10000000 samples, avg.#visited=56.00, max.#vis=56, mean=50007894.39±6.802311e+10, max=214157487800109.81, CD=0.42825
Importance sampling (IS) by outdegree: random seed = 46116262
    10 samples, avg.#visited=56.00, max.#vis=56, mean=2753283.91±6226111, max=20249401.95, CD=0.73546
   100 samples, avg.#visited=56.00, max.#vis=56, mean=6623288.33±2.193561e+07, max=157078708.31, CD=0.23716
  1000 samples, avg.#visited=56.00, max.#vis=56, mean=19736008.92±2.397407e+08, max=5051175312.80, CD=0.25594
 10000 samples, avg.#visited=56.00, max.#vis=56, mean=17512499.68±4.515408e+08, max=40849602387.86, CD=0.23326
100000 samples, avg.#visited=56.00, max.#vis=56, mean=22871948.16±1.285595e+09, max=344003301558.95, CD=0.15040
1000000 samples, avg.#visited=56.00, max.#vis=56, mean=40238558.17±6.982736e+09, max=5276559635640.19, CD=0.13113
10000000 samples, avg.#visited=56.00, max.#vis=56, mean=30446498.89±3.634359e+09, max=5276559635640.19, CD=0.01733
Stochastic estimation (SE) (horde_limit=10): random seed = 573571105
    10 samples, avg.#visited=534.40, max.#vis=537, avg.#inserted=2587.20, avg.#saved=398.00, mean=22378645.37±1.629316e+07, max=46544440.04, CD=0.20799
   100 samples, avg.#visited=533.63, max.#vis=537, avg.#inserted=2560.74, avg.#saved=408.14, mean=38544454.50±9.60442e+07, max=788154471.06, CD=0.20448
  1000 samples, avg.#visited=532.85, max.#vis=538, avg.#inserted=2554.45, avg.#saved=407.11, mean=48943236.16±2.449e+08, max=5930330683.60, CD=0.12117
 10000 samples, avg.#visited=532.93, max.#vis=539, avg.#inserted=2551.25, avg.#saved=408.87, mean=40249411.49±2.512493e+08, max=16083668938.38, CD=0.03996
100000 samples, avg.#visited=532.97, max.#vis=540, avg.#inserted=2552.86, avg.#saved=408.72, mean=38882958.18±2.008046e+08, max=18068310549.81, CD=0.00465
1000000 samples, avg.#visited=532.98, max.#vis=540, avg.#inserted=2552.66, avg.#saved=408.60, mean=39996802.75±3.204794e+08, max=130131556444.67, CD=0.00325
Heuristic sampling (HS) by outdegree: random seed = 434600939
    10 samples, avg.#visited=205.80, max.#vis=223, avg.#inserted=942.20, mean=28221404.61±3.440114e+07, max=89080539.73, CD=0.31565
   100 samples, avg.#visited=210.78, max.#vis=240, avg.#inserted=988.51, mean=51184212.07±1.42076e+08, max=1215328993.19, CD=0.23744
  1000 samples, avg.#visited=213.90, max.#vis=259, avg.#inserted=1003.58, mean=39109123.21±1.191286e+08, max=1855637488.14, CD=0.04745
 10000 samples, avg.#visited=213.98, max.#vis=259, avg.#inserted=1004.70, mean=39652300.46±2.086941e+08, max=13407906281.31, CD=0.03381
100000 samples, avg.#visited=213.77, max.#vis=265, avg.#inserted=1003.48, mean=39691293.34±3.079431e+08, max=51417315261.27, CD=0.01295
1000000 samples, avg.#visited=213.72, max.#vis=273, avg.#inserted=1003.16, mean=40605515.01±3.514933e+08, max=139069838773.34, CD=0.00342
