PERMUTATIONS == n = 9, 10000000 samples
EXACT ANSWER: 9! = 362880
level 0, size 1
level 1, size 8
level 2, size 35
level 3, size 111
level 4, size 285
level 5, size 628
level 6, size 1230
level 7, size 2191
level 8, size 3606
level 9, size 5545
level 10, size 8031
level 11, size 11021
level 12, size 14395
level 13, size 17957
level 14, size 21450
level 15, size 24584
level 16, size 27073
level 17, size 28675
level 18, size 29228
level 19, size 28675
level 20, size 27073
level 21, size 24584
level 22, size 21450
level 23, size 17957
level 24, size 14395
level 25, size 11021
level 26, size 8031
level 27, size 5545
level 28, size 3606
level 29, size 2191
level 30, size 1230
level 31, size 628
level 32, size 285
level 33, size 111
level 34, size 35
level 35, size 8
level 36, size 1
P mean=362880.0, variance=2.605665668183717e+16=2.60567e+16, S.D.=161420744.27358204=1.61421e+08
IS mean=362880.0, variance=2176316098907345.5=2.17632e+15, S.D.=46651003.19293622=4.6651e+07
first run P:  (349196.3876039306, 37, 0)
first run HS: (166770.50055260208, 105, 384)
first run IS: (41644.988067608865, 37, 0)
Algorithm P: random seed = 327069990
    10 samples, avg.#visited=37.00, max.#vis=37, mean=48168.75±56348.31, max=167639.73, CD=0.34803
   100 samples, avg.#visited=37.00, max.#vis=37, mean=134918.06±487325.1, max=4208705.33, CD=0.31195
  1000 samples, avg.#visited=37.00, max.#vis=37, mean=188542.81±1328124, max=29250749.78, CD=0.15514
 10000 samples, avg.#visited=37.00, max.#vis=37, mean=221679.52±2225306, max=148963963.39, CD=0.06720
100000 samples, avg.#visited=37.00, max.#vis=37, mean=372754.81±1.752112e+07, max=4939070755.85, CD=0.13250
1000000 samples, avg.#visited=37.00, max.#vis=37, mean=347645.52±1.227394e+07, max=4982372010.31, CD=0.01433
10000000 samples, avg.#visited=37.00, max.#vis=37, mean=351350.68±2.585807e+07, max=46380348744.00, CD=0.01320
Importance sampling (IS) by outdegree: random seed = 146520758
    10 samples, avg.#visited=37.00, max.#vis=37, mean=234362.57±441058.8, max=1275723.67, CD=0.54434
   100 samples, avg.#visited=37.00, max.#vis=37, mean=315348.32±1029817, max=6341839.49, CD=0.20111
  1000 samples, avg.#visited=37.00, max.#vis=37, mean=281585.96±1101790, max=14021631.28, CD=0.04980
 10000 samples, avg.#visited=37.00, max.#vis=37, mean=312165.14±3478423, max=236264050.88, CD=0.07569
100000 samples, avg.#visited=37.00, max.#vis=37, mean=411450.90±2.050099e+07, max=6047627851.23, CD=0.14698
1000000 samples, avg.#visited=37.00, max.#vis=37, mean=360494.99±1.134403e+07, max=6047627851.23, CD=0.01678
10000000 samples, avg.#visited=37.00, max.#vis=37, mean=372028.56±4.016978e+07, max=100730276478.47, CD=0.02708
Stochastic estimation (SE) (horde_limit=10): random seed = 675983166
    10 samples, avg.#visited=340.80, max.#vis=345, avg.#inserted=1319.80, avg.#saved=264.10, mean=335864.76±565995.3, max=1929853.36, CD=0.57459
   100 samples, avg.#visited=341.05, max.#vis=346, avg.#inserted=1338.34, avg.#saved=259.40, mean=463857.82±790215.5, max=6755705.40, CD=0.14564
  1000 samples, avg.#visited=340.92, max.#vis=347, avg.#inserted=1328.61, avg.#saved=254.95, mean=385896.19±722548.2, max=12628943.13, CD=0.03273
 10000 samples, avg.#visited=340.98, max.#vis=347, avg.#inserted=1329.59, avg.#saved=256.33, mean=365727.51±621649.2, max=27788349.09, CD=0.00760
100000 samples, avg.#visited=341.04, max.#vis=348, avg.#inserted=1329.52, avg.#saved=255.99, mean=366894.07±595944.9, max=28870021.16, CD=0.00079
1000000 samples, avg.#visited=341.06, max.#vis=348, avg.#inserted=1329.50, avg.#saved=255.99, mean=363448.69±595496.9, max=65671477.34, CD=0.00018
Heuristic sampling (HS) by outdegree: random seed = 818793247
    10 samples, avg.#visited=109.30, max.#vis=127, avg.#inserted=416.20, mean=186271.54±108703.5, max=338015.53, CD=0.18146
   100 samples, avg.#visited=109.94, max.#vis=127, avg.#inserted=416.95, mean=277473.92±423443.4, max=3408113.75, CD=0.12283
  1000 samples, avg.#visited=109.49, max.#vis=131, avg.#inserted=414.32, mean=333151.44±589291.9, max=7627247.31, CD=0.02289
 10000 samples, avg.#visited=109.56, max.#vis=133, avg.#inserted=414.79, mean=362520.45±1089514, max=77695736.74, CD=0.02143
100000 samples, avg.#visited=109.59, max.#vis=137, avg.#inserted=414.82, mean=361473.79±1009011, max=116978375.87, CD=0.00324
1000000 samples, avg.#visited=109.59, max.#vis=144, avg.#inserted=414.86, mean=363775.14±937203.1, max=170725821.30, CD=0.00047
