PERMUTATIONS == n = 8, 10000000 samples
EXACT ANSWER: 8! = 40320
level 0, size 1
level 1, size 7
level 2, size 27
level 3, size 76
level 4, size 174
level 5, size 343
level 6, size 602
level 7, size 961
level 8, size 1415
level 9, size 1940
level 10, size 2493
level 11, size 3017
level 12, size 3450
level 13, size 3736
level 14, size 3836
level 15, size 3736
level 16, size 3450
level 17, size 3017
level 18, size 2493
level 19, size 1940
level 20, size 1415
level 21, size 961
level 22, size 602
level 23, size 343
level 24, size 174
level 25, size 76
level 26, size 27
level 27, size 7
level 28, size 1
P mean=40320.0, variance=2696959299901.6836=2.69696e+12, S.D.=1642242.1562917216=1.64224e+06
IS mean=40320.0, variance=398902361641.0592=3.98902e+11, S.D.=631587.1765964372=631587
first run P:  (23767.469039351854, 29, 0)
first run HS: (76896.79786730987, 70, 251)
first run IS: (10832.50149693201, 29, 0)
Algorithm P: random seed = 327069990
    10 samples, avg.#visited=29.00, max.#vis=29, mean=39331.77±59061.93, max=141767.99, CD=0.36044
   100 samples, avg.#visited=29.00, max.#vis=29, mean=28772.51±64855, max=341670.12, CD=0.11875
  1000 samples, avg.#visited=29.00, max.#vis=29, mean=77136.03±1551792, max=48317929.85, CD=0.62640
 10000 samples, avg.#visited=29.00, max.#vis=29, mean=44629.35±656745.6, max=48317929.85, CD=0.10826
100000 samples, avg.#visited=29.00, max.#vis=29, mean=42382.83±1126944, max=289085971.60, CD=0.06821
1000000 samples, avg.#visited=29.00, max.#vis=29, mean=39837.48±832100.2, max=363215099.33, CD=0.00912
10000000 samples, avg.#visited=29.00, max.#vis=29, mean=40820.58±1924856, max=5163213401.99, CD=0.01265
Importance sampling (IS) by outdegree: random seed = 468620666
    10 samples, avg.#visited=29.00, max.#vis=29, mean=10564.83±11944.9, max=33166.77, CD=0.31394
   100 samples, avg.#visited=29.00, max.#vis=29, mean=15677.95±28749.55, max=185118.57, CD=0.11808
  1000 samples, avg.#visited=29.00, max.#vis=29, mean=47912.43±433330.1, max=12291211.71, CD=0.25653
 10000 samples, avg.#visited=29.00, max.#vis=29, mean=39265.00±224303.4, max=12291211.71, CD=0.03130
100000 samples, avg.#visited=29.00, max.#vis=29, mean=40970.77±381521.4, max=66339822.74, CD=0.01619
1000000 samples, avg.#visited=29.00, max.#vis=29, mean=39777.58±431111.3, max=235352725.41, CD=0.00592
10000000 samples, avg.#visited=29.00, max.#vis=29, mean=40289.76±540992.1, max=725470391.34, CD=0.00180
Stochastic estimation (SE) (horde_limit=10): random seed = 373679330
    10 samples, avg.#visited=258.70, max.#vis=264, avg.#inserted=878.00, avg.#saved=191.90, mean=37629.01±21347.72, max=73101.27, CD=0.19427
   100 samples, avg.#visited=260.37, max.#vis=265, avg.#inserted=890.33, avg.#saved=188.75, mean=41642.05±31007.1, max=177240.55, CD=0.04256
  1000 samples, avg.#visited=260.21, max.#vis=265, avg.#inserted=892.64, avg.#saved=189.66, mean=40783.30±34004.69, max=251345.01, CD=0.00616
 10000 samples, avg.#visited=260.23, max.#vis=266, avg.#inserted=893.05, avg.#saved=189.59, mean=40390.56±36143.82, max=714578.83, CD=0.00177
100000 samples, avg.#visited=260.27, max.#vis=266, avg.#inserted=893.33, avg.#saved=189.56, mean=40330.07±34894.12, max=849696.73, CD=0.00021
1000000 samples, avg.#visited=260.26, max.#vis=266, avg.#inserted=893.23, avg.#saved=189.60, mean=40336.68±35324.7, max=1176444.81, CD=0.00003
Heuristic sampling (HS) by outdegree: random seed = 232061504
    10 samples, avg.#visited=73.20, max.#vis=83, avg.#inserted=242.80, mean=34023.34±41991.36, max=147547.41, CD=0.43367
   100 samples, avg.#visited=73.93, max.#vis=90, avg.#inserted=246.98, mean=47540.86±69429.67, max=476866.64, CD=0.10031
  1000 samples, avg.#visited=74.08, max.#vis=90, avg.#inserted=246.43, mean=39992.25±47453.02, max=476866.64, CD=0.01192
 10000 samples, avg.#visited=74.21, max.#vis=90, avg.#inserted=246.88, mean=39758.21±54078.21, max=1138037.02, CD=0.00286
100000 samples, avg.#visited=74.25, max.#vis=92, avg.#inserted=247.06, mean=40183.56±59067.55, max=2868591.71, CD=0.00071
1000000 samples, avg.#visited=74.26, max.#vis=95, avg.#inserted=247.08, mean=40336.04±61807.6, max=5890614.03, CD=0.00015
